// Jest Snapshot v1, https://goo.gl/fbAQLP

exports[`PhraseService get phrases 1`] = `
Array [
  Object {
    "id": "39",
    "text": "Chuck Norris can win at solitaire with only 18 cards.",
  },
  Object {
    "id": "40",
    "text": "Chuck Norris? roundhouse kick is so powerful, it can be seen from outer space by the naked eye.",
  },
  Object {
    "id": "41",
    "text": "Using his trademark roundhouse kick, Chuck Norris once made a fieldgoal in RJ Stadium in Tampa Bay from the 50 yard line of Qualcomm stadium in San Diego.",
  },
  Object {
    "id": "42",
    "text": "When Chuck Norris throws exceptions, it's across the room.",
  },
  Object {
    "id": "43",
    "text": "Chuck Norris uses a night light. Not because Chuck Norris is afraid of the dark, but the dark is afraid of Chuck Norris.",
  },
]
`;
